[#<Capybara::Node::Simple tag="html" path="/html">, #<Capybara::Node::Simple tag="body" path="/html/body">, #<Capybara::Node::Simple tag="turbo-frame" path="/html/body/turbo-frame">, #<Capybara::Node::Simple tag="div" path="/html/body/turbo-frame/div[1]">, #<Capybara::Node::Simple tag="div" path="/html/body/turbo-frame/div[1]/div[1]">, #<Capybara::Node::Simple tag="span" path="/html/body/turbo-frame/div[1]/div[1]/span">, #<Capybara::Node::Simple tag="div" path="/html/body/turbo-frame/div[1]/div[2]">, #<Capybara::Node::Simple tag="action-menu" path="/html/body/turbo-frame/div[1]/div[2]/action-menu">, #<Capybara::Node::Simple tag="focus-group" path="/html/body/turbo-frame/div[1]/div[2]/action-menu/focus-group">, #<Capybara::Node::Simple tag="button" path="/html/body/turbo-frame/div[1]/div[2]/action-menu/focus-group/button">, #<Capybara::Node::Simple tag="span" path="/html/body/turbo-frame/div[1]/div[2]/action-menu/focus-group/button/span[1]">, #<Capybara::Node::Simple tag="span" path="/html/body/turbo-frame/div[1]/div[2]/action-menu/focus-group/button/span[1]/span[1]">, #<Capybara::Node::Simple tag="svg" path="/html/body/turbo-frame/div[1]/div[2]/action-menu/focus-group/button/span[1]/span[1]/svg">, #<Capybara::Node::Simple tag="path" path="/html/body/turbo-frame/div[1]/div[2]/action-menu/focus-group/button/span[1]/span[1]/svg/path">, #<Capybara::Node::Simple tag="span" path="/html/body/turbo-frame/div[1]/div[2]/action-menu/focus-group/button/span[1]/span[2]">, #<Capybara::Node::Simple tag="span" path="/html/body/turbo-frame/div[1]/div[2]/action-menu/focus-group/button/span[2]">, #<Capybara::Node::Simple tag="svg" path="/html/body/turbo-frame/div[1]/div[2]/action-menu/focus-group/button/span[2]/svg">, #<Capybara::Node::Simple tag="path" path="/html/body/turbo-frame/div[1]/div[2]/action-menu/focus-group/button/span[2]/svg/path">, #<Capybara::Node::Simple tag="anchored-position" path="/html/body/turbo-frame/div[1]/div[2]/action-menu/focus-group/anchored-position">, #<Capybara::Node::Simple tag="div" path="/html/body/turbo-frame/div[1]/div[2]/action-menu/focus-group/anchored-position/div">, #<Capybara::Node::Simple tag="div" path="/html/body/turbo-frame/div[1]/div[2]/action-menu/focus-group/anchored-position/div/div">, #<Capybara::Node::Simple tag="action-list" path="/html/body/turbo-frame/div[1]/div[2]/action-menu/focus-group/anchored-position/div/div/action-list">, #<Capybara::Node::Simple tag="div" path="/html/body/turbo-frame/div[1]/div[2]/action-menu/focus-group/anchored-position/div/div/action-list/div">, #<Capybara::Node::Simple tag="ul" path="/html/body/turbo-frame/div[1]/div[2]/action-menu/focus-group/anchored-position/div/div/action-list/div/ul">, #<Capybara::Node::Simple tag="li" path="/html/body/turbo-frame/div[1]/div[2]/action-menu/focus-group/anchored-position/div/div/action-list/div/ul/li[1]">, #<Capybara::Node::Simple tag="a" path="/html/body/turbo-frame/div[1]/div[2]/action-menu/focus-group/anchored-position/div/div/action-list/div/ul/li[1]/a">, #<Capybara::Node::Simple tag="span" path="/html/body/turbo-frame/div[1]/div[2]/action-menu/focus-group/anchored-position/div/div/action-list/div/ul/li[1]/a/span">, #<Capybara::Node::Simple tag="span" path="/html/body/turbo-frame/div[1]/div[2]/action-menu/focus-group/anchored-position/div/div/action-list/div/ul/li[1]/a/span/span[1]">, #<Capybara::Node::Simple tag="span" path="/html/body/turbo-frame/div[1]/div[2]/action-menu/focus-group/anchored-position/div/div/action-list/div/ul/li[1]/a/span/span[2]">, #<Capybara::Node::Simple tag="li" path="/html/body/turbo-frame/div[1]/div[2]/action-menu/focus-group/anchored-position/div/div/action-list/div/ul/li[2]">, #<Capybara::Node::Simple tag="a" path="/html/body/turbo-frame/div[1]/div[2]/action-menu/focus-group/anchored-position/div/div/action-list/div/ul/li[2]/a">, #<Capybara::Node::Simple tag="span" path="/html/body/turbo-frame/div[1]/div[2]/action-menu/focus-group/anchored-position/div/div/action-list/div/ul/li[2]/a/span">, #<Capybara::Node::Simple tag="span" path="/html/body/turbo-frame/div[1]/div[2]/action-menu/focus-group/anchored-position/div/div/action-list/div/ul/li[2]/a/span/span[1]">, #<Capybara::Node::Simple tag="span" path="/html/body/turbo-frame/div[1]/div[2]/action-menu/focus-group/anchored-position/div/div/action-list/div/ul/li[2]/a/span/span[2]">, #<Capybara::Node::Simple tag="li" path="/html/body/turbo-frame/div[1]/div[2]/action-menu/focus-group/anchored-position/div/div/action-list/div/ul/li[3]">, #<Capybara::Node::Simple tag="a" path="/html/body/turbo-frame/div[1]/div[2]/action-menu/focus-group/anchored-position/div/div/action-list/div/ul/li[3]/a">, #<Capybara::Node::Simple tag="span" path="/html/body/turbo-frame/div[1]/div[2]/action-menu/focus-group/anchored-position/div/div/action-list/div/ul/li[3]/a/span">, #<Capybara::Node::Simple tag="span" path="/html/body/turbo-frame/div[1]/div[2]/action-menu/focus-group/anchored-position/div/div/action-list/div/ul/li[3]/a/span/span[1]">, #<Capybara::Node::Simple tag="span" path="/html/body/turbo-frame/div[1]/div[2]/action-menu/focus-group/anchored-position/div/div/action-list/div/ul/li[3]/a/span/span[2]">, #<Capybara::Node::Simple tag="li" path="/html/body/turbo-frame/div[1]/div[2]/action-menu/focus-group/anchored-position/div/div/action-list/div/ul/li[4]">, #<Capybara::Node::Simple tag="a" path="/html/body/turbo-frame/div[1]/div[2]/action-menu/focus-group/anchored-position/div/div/action-list/div/ul/li[4]/a">, #<Capybara::Node::Simple tag="span" path="/html/body/turbo-frame/div[1]/div[2]/action-menu/focus-group/anchored-position/div/div/action-list/div/ul/li[4]/a/span">, #<Capybara::Node::Simple tag="span" path="/html/body/turbo-frame/div[1]/div[2]/action-menu/focus-group/anchored-position/div/div/action-list/div/ul/li[4]/a/span/span[1]">, #<Capybara::Node::Simple tag="span" path="/html/body/turbo-frame/div[1]/div[2]/action-menu/focus-group/anchored-position/div/div/action-list/div/ul/li[4]/a/span/span[2]">, #<Capybara::Node::Simple tag="li" path="/html/body/turbo-frame/div[1]/div[2]/action-menu/focus-group/anchored-position/div/div/action-list/div/ul/li[5]">, #<Capybara::Node::Simple tag="a" path="/html/body/turbo-frame/div[1]/div[2]/action-menu/focus-group/anchored-position/div/div/action-list/div/ul/li[5]/a">, #<Capybara::Node::Simple tag="span" path="/html/body/turbo-frame/div[1]/div[2]/action-menu/focus-group/anchored-position/div/div/action-list/div/ul/li[5]/a/span">, #<Capybara::Node::Simple tag="span" path="/html/body/turbo-frame/div[1]/div[2]/action-menu/focus-group/anchored-position/div/div/action-list/div/ul/li[5]/a/span/span[1]">, #<Capybara::Node::Simple tag="span" path="/html/body/turbo-frame/div[1]/div[2]/action-menu/focus-group/anchored-position/div/div/action-list/div/ul/li[5]/a/span/span[2]">, #<Capybara::Node::Simple tag="li" path="/html/body/turbo-frame/div[1]/div[2]/action-menu/focus-group/anchored-position/div/div/action-list/div/ul/li[6]">, #<Capybara::Node::Simple tag="a" path="/html/body/turbo-frame/div[1]/div[2]/action-menu/focus-group/anchored-position/div/div/action-list/div/ul/li[6]/a">, #<Capybara::Node::Simple tag="span" path="/html/body/turbo-frame/div[1]/div[2]/action-menu/focus-group/anchored-position/div/div/action-list/div/ul/li[6]/a/span">, #<Capybara::Node::Simple tag="span" path="/html/body/turbo-frame/div[1]/div[2]/action-menu/focus-group/anchored-position/div/div/action-list/div/ul/li[6]/a/span/span[1]">, #<Capybara::Node::Simple tag="span" path="/html/body/turbo-frame/div[1]/div[2]/action-menu/focus-group/anchored-position/div/div/action-list/div/ul/li[6]/a/span/span[2]">, #<Capybara::Node::Simple tag="li" path="/html/body/turbo-frame/div[1]/div[2]/action-menu/focus-group/anchored-position/div/div/action-list/div/ul/li[7]">, #<Capybara::Node::Simple tag="a" path="/html/body/turbo-frame/div[1]/div[2]/action-menu/focus-group/anchored-position/div/div/action-list/div/ul/li[7]/a">, #<Capybara::Node::Simple tag="span" path="/html/body/turbo-frame/div[1]/div[2]/action-menu/focus-group/anchored-position/div/div/action-list/div/ul/li[7]/a/span">, #<Capybara::Node::Simple tag="span" path="/html/body/turbo-frame/div[1]/div[2]/action-menu/focus-group/anchored-position/div/div/action-list/div/ul/li[7]/a/span/span[1]">, #<Capybara::Node::Simple tag="span" path="/html/body/turbo-frame/div[1]/div[2]/action-menu/focus-group/anchored-position/div/div/action-list/div/ul/li[7]/a/span/span[2]">, #<Capybara::Node::Simple tag="li" path="/html/body/turbo-frame/div[1]/div[2]/action-menu/focus-group/anchored-position/div/div/action-list/div/ul/li[8]">, #<Capybara::Node::Simple tag="a" path="/html/body/turbo-frame/div[1]/div[2]/action-menu/focus-group/anchored-position/div/div/action-list/div/ul/li[8]/a">, #<Capybara::Node::Simple tag="span" path="/html/body/turbo-frame/div[1]/div[2]/action-menu/focus-group/anchored-position/div/div/action-list/div/ul/li[8]/a/span">, #<Capybara::Node::Simple tag="span" path="/html/body/turbo-frame/div[1]/div[2]/action-menu/focus-group/anchored-position/div/div/action-list/div/ul/li[8]/a/span/span[1]">, #<Capybara::Node::Simple tag="span" path="/html/body/turbo-frame/div[1]/div[2]/action-menu/focus-group/anchored-position/div/div/action-list/div/ul/li[8]/a/span/span[2]">, #<Capybara::Node::Simple tag="li" path="/html/body/turbo-frame/div[1]/div[2]/action-menu/focus-group/anchored-position/div/div/action-list/div/ul/li[9]">, #<Capybara::Node::Simple tag="a" path="/html/body/turbo-frame/div[1]/div[2]/action-menu/focus-group/anchored-position/div/div/action-list/div/ul/li[9]/a">, #<Capybara::Node::Simple tag="span" path="/html/body/turbo-frame/div[1]/div[2]/action-menu/focus-group/anchored-position/div/div/action-list/div/ul/li[9]/a/span">, #<Capybara::Node::Simple tag="span" path="/html/body/turbo-frame/div[1]/div[2]/action-menu/focus-group/anchored-position/div/div/action-list/div/ul/li[9]/a/span/span[1]">, #<Capybara::Node::Simple tag="span" path="/html/body/turbo-frame/div[1]/div[2]/action-menu/focus-group/anchored-position/div/div/action-list/div/ul/li[9]/a/span/span[2]">, #<Capybara::Node::Simple tag="li" path="/html/body/turbo-frame/div[1]/div[2]/action-menu/focus-group/anchored-position/div/div/action-list/div/ul/li[10]">, #<Capybara::Node::Simple tag="a" path="/html/body/turbo-frame/div[1]/div[2]/action-menu/focus-group/anchored-position/div/div/action-list/div/ul/li[10]/a">, #<Capybara::Node::Simple tag="span" path="/html/body/turbo-frame/div[1]/div[2]/action-menu/focus-group/anchored-position/div/div/action-list/div/ul/li[10]/a/span">, #<Capybara::Node::Simple tag="span" path="/html/body/turbo-frame/div[1]/div[2]/action-menu/focus-group/anchored-position/div/div/action-list/div/ul/li[10]/a/span/span[1]">, #<Capybara::Node::Simple tag="span" path="/html/body/turbo-frame/div[1]/div[2]/action-menu/focus-group/anchored-position/div/div/action-list/div/ul/li[10]/a/span/span[2]">, #<Capybara::Node::Simple tag="li" path="/html/body/turbo-frame/div[1]/div[2]/action-menu/focus-group/anchored-position/div/div/action-list/div/ul/li[11]">, #<Capybara::Node::Simple tag="a" path="/html/body/turbo-frame/div[1]/div[2]/action-menu/focus-group/anchored-position/div/div/action-list/div/ul/li[11]/a">, #<Capybara::Node::Simple tag="span" path="/html/body/turbo-frame/div[1]/div[2]/action-menu/focus-group/anchored-position/div/div/action-list/div/ul/li[11]/a/span">, #<Capybara::Node::Simple tag="span" path="/html/body/turbo-frame/div[1]/div[2]/action-menu/focus-group/anchored-position/div/div/action-list/div/ul/li[11]/a/span/span[1]">, #<Capybara::Node::Simple tag="span" path="/html/body/turbo-frame/div[1]/div[2]/action-menu/focus-group/anchored-position/div/div/action-list/div/ul/li[11]/a/span/span[2]">, #<Capybara::Node::Simple tag="li" path="/html/body/turbo-frame/div[1]/div[2]/action-menu/focus-group/anchored-position/div/div/action-list/div/ul/li[12]">, #<Capybara::Node::Simple tag="a" path="/html/body/turbo-frame/div[1]/div[2]/action-menu/focus-group/anchored-position/div/div/action-list/div/ul/li[12]/a">, #<Capybara::Node::Simple tag="span" path="/html/body/turbo-frame/div[1]/div[2]/action-menu/focus-group/anchored-position/div/div/action-list/div/ul/li[12]/a/span">, #<Capybara::Node::Simple tag="span" path="/html/body/turbo-frame/div[1]/div[2]/action-menu/focus-group/anchored-position/div/div/action-list/div/ul/li[12]/a/span/span[1]">, #<Capybara::Node::Simple tag="span" path="/html/body/turbo-frame/div[1]/div[2]/action-menu/focus-group/anchored-position/div/div/action-list/div/ul/li[12]/a/span/span[2]">, #<Capybara::Node::Simple tag="li" path="/html/body/turbo-frame/div[1]/div[2]/action-menu/focus-group/anchored-position/div/div/action-list/div/ul/li[13]">, #<Capybara::Node::Simple tag="a" path="/html/body/turbo-frame/div[1]/div[2]/action-menu/focus-group/anchored-position/div/div/action-list/div/ul/li[13]/a">, #<Capybara::Node::Simple tag="span" path="/html/body/turbo-frame/div[1]/div[2]/action-menu/focus-group/anchored-position/div/div/action-list/div/ul/li[13]/a/span">, #<Capybara::Node::Simple tag="span" path="/html/body/turbo-frame/div[1]/div[2]/action-menu/focus-group/anchored-position/div/div/action-list/div/ul/li[13]/a/span/span[1]">, #<Capybara::Node::Simple tag="span" path="/html/body/turbo-frame/div[1]/div[2]/action-menu/focus-group/anchored-position/div/div/action-list/div/ul/li[13]/a/span/span[2]">, #<Capybara::Node::Simple tag="div" path="/html/body/turbo-frame/div[2]">, #<Capybara::Node::Simple tag="div" path="/html/body/turbo-frame/div[2]/div">, #<Capybara::Node::Simple tag="div" path="/html/body/turbo-frame/div[2]/div/div">, #<Capybara::Node::Simple tag="div" path="/html/body/turbo-frame/div[2]/div/div/div">, #<Capybara::Node::Simple tag="div" path="/html/body/turbo-frame/div[2]/div/div/div/div">, #<Capybara::Node::Simple tag="svg" path="/html/body/turbo-frame/div[2]/div/div/div/div/svg">, #<Capybara::Node::Simple tag="path" path="/html/body/turbo-frame/div[2]/div/div/div/div/svg/path[1]">, #<Capybara::Node::Simple tag="path" path="/html/body/turbo-frame/div[2]/div/div/div/div/svg/path[2]">, #<Capybara::Node::Simple tag="h4" path="/html/body/turbo-frame/div[2]/div/div/div/div/h4">, #<Capybara::Node::Simple tag="p" path="/html/body/turbo-frame/div[2]/div/div/div/div/p">]